(lora_eval) r13922119@cml30:/project/dsp/r13922119/PSIM$ python tr_groups.py s2.csv s4.csv logs/s4_2*.log --epoch0 > one.log

##### Cl+Tr vs Cl-only, lambda=10   statistic=withpt, band=0.1

  group up: n=3  mean diff +0.175
     badnet_s0  seed3 diff +0.232
     badnet_s2  seed4 diff +0.155
     badnet_s2  seed5 diff +0.138
     point(ep,step)    task_loss  lam*pen      wA       wB
     (0, 0)           0.5702  26.3982   0.9927     -   
     (0, 20)          0.5066  22.9419   0.8627   0.5590
     (0, 100)         0.2681   0.2249   0.0084   0.0272
     (0, 216)         0.3458   0.0010   0.0000   0.0062
     (1, 0)           0.2085   0.0011   0.0000   0.0069
     (1, 216)         0.0929   0.0008   0.0000   0.0010
     (5, 216)         0.2976   0.0004   0.0000   0.0001
     (19, 216)        0.0423   0.0000   0.0000   0.0000
     epoch   observer dev   observer ASR (pre-Pt, end of epoch)
         0     0.9316         0.9864
         1     0.9392         0.9619
         2     0.9450         0.9435
         5     0.9450         0.8412
        10     0.9507         0.6843
        19     0.9507         0.5761
     every epoch-0 DEBUG record, per run:
       badnet_s0 seed3 step   0 tl=0.5685 lp=26.84 wA=1.01 wB=nan
       badnet_s0 seed3 step  20 tl=0.5178 lp=23.363 wA=0.878 wB=0.698
       badnet_s0 seed3 step 100 tl=0.2742 lp=0.2702 wA=0.0101 wB=0.0284
       badnet_s0 seed3 step 216 tl=0.4284 lp=0.001 wA=9.18e-07 wB=0.00797
       badnet_s2 seed4 step   0 tl=0.4531 lp=26.251 wA=0.988 wB=nan
       badnet_s2 seed4 step  20 tl=0.3738 lp=22.796 wA=0.859 wB=0.538
       badnet_s2 seed4 step 100 tl=0.3068 lp=0.1978 wA=0.00744 wB=0.0182
       badnet_s2 seed4 step 216 tl=0.4748 lp=0.0006 wA=5.84e-07 wB=0.0036
       badnet_s2 seed5 step   0 tl=0.6889 lp=26.104 wA=0.98 wB=nan
       badnet_s2 seed5 step  20 tl=0.6281 lp=22.667 wA=0.851 wB=0.441
       badnet_s2 seed5 step 100 tl=0.2234 lp=0.2067 wA=0.00776 wB=0.0351
       badnet_s2 seed5 step 216 tl=0.1341 lp=0.0014 wA=9.9e-07 wB=0.00688

  group flat: n=3  mean diff -0.037
     badnet_s2  seed3 diff -0.073
     badnet_s0  seed4 diff +0.005
     badnet_s0  seed5 diff -0.045
     point(ep,step)    task_loss  lam*pen      wA       wB
     (0, 0)           0.5784  26.3963   0.9927     -   
     (0, 20)          0.4391  22.9399   0.8627   0.5893
     (0, 100)         0.2462   0.2246   0.0084   0.0351
     (0, 216)         0.5514   0.0008   0.0000   0.0059
     (1, 0)           0.2585   0.0009   0.0000   0.0066
     (1, 216)         0.1743   0.0006   0.0000   0.0012
     (5, 216)         0.2036   0.0004   0.0000   0.0003
     (19, 216)        0.0452   0.0000   0.0000   0.0000
     epoch   observer dev   observer ASR (pre-Pt, end of epoch)
         0     0.9312         0.9813
         1     0.9400         0.9784
         2     0.9438         0.9406
         5     0.9480         0.8192
        10     0.9507         0.6054
        19     0.9518         0.5053
     every epoch-0 DEBUG record, per run:
       badnet_s2 seed3 step   0 tl=0.4746 lp=26.833 wA=1.01 wB=nan
       badnet_s2 seed3 step  20 tl=0.3464 lp=23.356 wA=0.878 wB=0.512
       badnet_s2 seed3 step 100 tl=0.1719 lp=0.2702 wA=0.0101 wB=0.0212
       badnet_s2 seed3 step 216 tl=0.1422 lp=0.0009 wA=1.3e-06 wB=0.0068
       badnet_s0 seed4 step   0 tl=0.4883 lp=26.251 wA=0.988 wB=nan
       badnet_s0 seed4 step  20 tl=0.3568 lp=22.796 wA=0.859 wB=0.514
       badnet_s0 seed4 step 100 tl=0.3208 lp=0.1973 wA=0.00741 wB=0.0453
       badnet_s0 seed4 step 216 tl=1.1395 lp=0.0007 wA=7.49e-07 wB=0.00628
       badnet_s0 seed5 step   0 tl=0.7722 lp=26.104 wA=0.98 wB=nan
       badnet_s0 seed5 step  20 tl=0.6142 lp=22.668 wA=0.851 wB=0.742
       badnet_s0 seed5 step 100 tl=0.246 lp=0.2063 wA=0.00775 wB=0.0389
       badnet_s0 seed5 step 216 tl=0.3725 lp=0.0008 wA=7.41e-07 wB=0.00463

  group down: n=3  mean diff -0.162
     oldpz      seed3 diff -0.173
     oldpz      seed4 diff -0.195
     oldpz      seed5 diff -0.118
     point(ep,step)    task_loss  lam*pen      wA       wB
     (0, 0)           0.6186  26.4068   0.9930     -   
     (0, 20)          0.4239  22.9499   0.8633   0.3690
     (0, 100)         0.2347   0.2256   0.0084   0.0761
     (0, 216)         0.3717   0.0008   0.0000   0.0058
     (1, 0)           0.1705   0.0010   0.0000   0.0070
     (1, 216)         0.1916   0.0006   0.0000   0.0010
     (5, 216)         0.1614   0.0005   0.0000   0.0002
     (19, 216)        0.0276   0.0000   0.0000   0.0000
     epoch   observer dev   observer ASR (pre-Pt, end of epoch)
         0     0.9346         1.0000
         1     0.9400         0.9982
         2     0.9446         0.9839
         5     0.9488         0.8346
        10     0.9491         0.5490
        19     0.9538         0.3553
     every epoch-0 DEBUG record, per run:
       oldpz seed3 step   0 tl=0.5426 lp=26.847 wA=1.01 wB=nan
       oldpz seed3 step  20 tl=0.4202 lp=23.369 wA=0.879 wB=0.32
       oldpz seed3 step 100 tl=0.1394 lp=0.2701 wA=0.0101 wB=0.0163
       oldpz seed3 step 216 tl=0.349 lp=0.0007 wA=4.59e-07 wB=0.00392
       oldpz seed4 step   0 tl=0.4841 lp=26.26 wA=0.989 wB=nan
       oldpz seed4 step  20 tl=0.3771 lp=22.804 wA=0.859 wB=0.337
       oldpz seed4 step 100 tl=0.3633 lp=0.1986 wA=0.00746 wB=0.0229
       oldpz seed4 step 216 tl=0.5883 lp=0.0009 wA=5.31e-07 wB=0.0059
       oldpz seed5 step   0 tl=0.829 lp=26.114 wA=0.98 wB=nan
       oldpz seed5 step  20 tl=0.4745 lp=22.676 wA=0.852 wB=0.45
       oldpz seed5 step 100 tl=0.2014 lp=0.2082 wA=0.00775 wB=0.189
       oldpz seed5 step 216 tl=0.1779 lp=0.0009 wA=9.1e-07 wB=0.00769

##### Cl+Tr vs Cl-only, lambda=480   statistic=withpt, band=0.1

  group up: n=6  mean diff +0.290
     oldpz      seed3 diff +0.205
     badnet_s2  seed3 diff +0.337
     badnet_s0  seed3 diff +0.210
     badnet_s2  seed4 diff +0.255
     oldpz      seed5 diff +0.531
     badnet_s2  seed5 diff +0.202
     point(ep,step)    task_loss  lam*pen      wA       wB
     (0, 0)           0.5928 1271.9085   0.9963     -   
     (0, 20)          0.4604 1105.8094   0.8662   0.0364
     (0, 100)         0.2296  11.3542   0.0089   0.0272
     (0, 216)         0.3204   0.0228   0.0000   0.0501
     (1, 0)           0.2367   0.0225   0.0000   0.0516
     (1, 216)         0.0931   0.0078   0.0000   0.0077
     (5, 216)         0.2619   0.0024   0.0000   0.0016
     (19, 216)        0.0596   0.0000   0.0000   0.0000
     epoch   observer dev   observer ASR (pre-Pt, end of epoch)
         0     0.9297         0.9978
         1     0.9335         0.9897
         2     0.9402         0.9809
         5     0.9409         0.9586
        10     0.9478         0.8308
        19     0.9497         0.7003
     every epoch-0 DEBUG record, per run:
       oldpz seed3 step   0 tl=0.5426 lp=1288.6 wA=1.01 wB=nan
       oldpz seed3 step  20 tl=0.4206 lp=1121.7 wA=0.879 wB=0.0302
       oldpz seed3 step 100 tl=0.1526 lp=12.96 wA=0.0101 wB=0.0344
       oldpz seed3 step 216 tl=0.3495 lp=0.019 wA=8.85e-08 wB=0.0644
       badnet_s2 seed3 step   0 tl=0.4746 lp=1288 wA=1.01 wB=nan
       badnet_s2 seed3 step  20 tl=0.3467 lp=1121.1 wA=0.878 wB=0.047
       badnet_s2 seed3 step 100 tl=0.1981 lp=12.951 wA=0.0101 wB=0.0298
       badnet_s2 seed3 step 216 tl=0.1982 lp=0.0209 wA=8.89e-08 wB=0.0548
       badnet_s0 seed3 step   0 tl=0.5685 lp=1288.3 wA=1.01 wB=nan
       badnet_s0 seed3 step  20 tl=0.5183 lp=1121.4 wA=0.878 wB=0.0359
       badnet_s0 seed3 step 100 tl=0.2723 lp=12.956 wA=0.0101 wB=0.0224
       badnet_s0 seed3 step 216 tl=0.3836 lp=0.0309 wA=1.04e-07 wB=0.0377
       badnet_s2 seed4 step   0 tl=0.4531 lp=1260 wA=0.988 wB=nan
       badnet_s2 seed4 step  20 tl=0.3741 lp=1094.2 wA=0.859 wB=0.0365
       badnet_s2 seed4 step 100 tl=0.3227 lp=9.48 wA=0.00743 wB=0.0249
       badnet_s2 seed4 step 216 tl=0.5019 lp=0.0247 wA=7.19e-08 wB=0.0481
       oldpz seed5 step   0 tl=0.829 lp=1253.5 wA=0.98 wB=nan
       oldpz seed5 step  20 tl=0.4748 lp=1088.5 wA=0.852 wB=0.0378
       oldpz seed5 step 100 tl=0.2083 lp=9.8867 wA=0.00775 wB=0.0262
       oldpz seed5 step 216 tl=0.1341 lp=0.0199 wA=4.03e-08 wB=0.0461
       badnet_s2 seed5 step   0 tl=0.6889 lp=1253 wA=0.98 wB=nan
       badnet_s2 seed5 step  20 tl=0.6281 lp=1088 wA=0.851 wB=0.0308
       badnet_s2 seed5 step 100 tl=0.2239 lp=9.8919 wA=0.00776 wB=0.0258
       badnet_s2 seed5 step 216 tl=0.3554 lp=0.0211 wA=4.07e-08 wB=0.0496

  group flat: n=2  mean diff -0.007
     badnet_s0  seed4 diff -0.078
     badnet_s0  seed5 diff +0.064
     point(ep,step)    task_loss  lam*pen      wA       wB
     (0, 0)           0.6302 1256.5347   0.9840     -   
     (0, 20)          0.4864 1091.1177   0.8550   0.0750
     (0, 100)         0.2876   9.6640   0.0076   0.0225
     (0, 216)         0.5567   0.0374   0.0000   0.0391
     (1, 0)           0.2984   0.0352   0.0000   0.0381
     (1, 216)         0.2976   0.0064   0.0000   0.0066
     (5, 216)         0.1436   0.0027   0.0000   0.0012
     (19, 216)        0.0646   0.0000   0.0000   0.0000
     epoch   observer dev   observer ASR (pre-Pt, end of epoch)
         0     0.9306         0.9862
         1     0.9409         0.9956
         2     0.9398         0.9901
         5     0.9461         0.9159
        10     0.9484         0.6821
        19     0.9484         0.4560
     every epoch-0 DEBUG record, per run:
       badnet_s0 seed4 step   0 tl=0.4883 lp=1260.1 wA=0.988 wB=nan
       badnet_s0 seed4 step  20 tl=0.3576 lp=1094.2 wA=0.859 wB=0.0299
       badnet_s0 seed4 step 100 tl=0.3187 lp=9.448 wA=0.00741 wB=0.0205
       badnet_s0 seed4 step 216 tl=0.7237 lp=0.056 wA=2.7e-07 wB=0.0453
       badnet_s0 seed5 step   0 tl=0.7722 lp=1253 wA=0.98 wB=nan
       badnet_s0 seed5 step  20 tl=0.6152 lp=1088 wA=0.851 wB=0.12
       badnet_s0 seed5 step 100 tl=0.2565 lp=9.88 wA=0.00775 wB=0.0245
       badnet_s0 seed5 step 216 tl=0.3898 lp=0.0188 wA=4.12e-08 wB=0.0329

  group down: n=1  mean diff -0.119
     oldpz      seed4 diff -0.119
     point(ep,step)    task_loss  lam*pen      wA       wB
     (0, 0)           0.4841 1260.4695   0.9890     -   
     (0, 20)          0.3774 1094.6063   0.8590   0.0227
     (0, 100)         0.3374   9.5110   0.0075   0.0298
     (0, 216)         0.5565   0.0225   0.0000   0.0486
     (1, 0)           0.2320   0.0227   0.0000   0.0480
     (1, 216)         0.3338   0.0077   0.0000   0.0103
     (5, 216)         0.0163   0.0028   0.0000   0.0015
     (19, 216)        0.0467   0.0000   0.0000   0.0000
     epoch   observer dev   observer ASR (pre-Pt, end of epoch)
         0     0.9312         1.0000
         1     0.9427         1.0000
         2     0.9484         1.0000
         5     0.9472         0.9967
        10     0.9484         0.9560
        19     0.9518         0.7129
     every epoch-0 DEBUG record, per run:
       oldpz seed4 step   0 tl=0.4841 lp=1260.5 wA=0.989 wB=nan
       oldpz seed4 step  20 tl=0.3774 lp=1094.6 wA=0.859 wB=0.0227
       oldpz seed4 step 100 tl=0.3374 lp=9.511 wA=0.00746 wB=0.0298
       oldpz seed4 step 216 tl=0.5565 lp=0.0225 wA=6.78e-08 wB=0.0486

##### Tr-only vs baseline, lambda=10   statistic=withpt, band=0.1

  group up: n=3  mean diff +0.274
     badnet_s2  seed3 diff +0.220
     badnet_s0  seed3 diff +0.445
     badnet_s2  seed5 diff +0.157
     point(ep,step)    task_loss  lam*pen      wA       wB
     (0, 0)           0.4597  26.5923   1.0000     -   
     (0, 20)          0.3847  23.1286   0.8690   0.4017
     (0, 100)         0.1332   0.2490   0.0093   0.0290
     (0, 216)         0.2164   0.0007   0.0000   0.0051
     (1, 0)           0.1282   0.0008   0.0000   0.0055
     (1, 216)         0.0318   0.0004   0.0000   0.0006
     (5, 216)         0.2696   0.0003   0.0000   0.0001
     (19, 216)        0.0221   0.0000   0.0000   0.0000
     epoch   observer dev   observer ASR (pre-Pt, end of epoch)
         0     0.9232         0.9850
         1     0.9396         0.9912
         2     0.9453         0.9930
         5     0.9472         0.9575
        10     0.9530         0.8695
        19     0.9538         0.7734
     every epoch-0 DEBUG record, per run:
       badnet_s2 seed3 step   0 tl=0.3876 lp=26.833 wA=1.01 wB=nan
       badnet_s2 seed3 step  20 tl=0.2643 lp=23.356 wA=0.878 wB=0.436
       badnet_s2 seed3 step 100 tl=0.1371 lp=0.2701 wA=0.0101 wB=0.0223
       badnet_s2 seed3 step 216 tl=0.1888 lp=0.0004 wA=3.28e-07 wB=0.00296
       badnet_s0 seed3 step   0 tl=0.4348 lp=26.84 wA=1.01 wB=nan
       badnet_s0 seed3 step  20 tl=0.4435 lp=23.362 wA=0.878 wB=0.416
       badnet_s0 seed3 step 100 tl=0.0936 lp=0.2706 wA=0.0101 wB=0.0542
       badnet_s0 seed3 step 216 tl=0.3695 lp=0.0009 wA=6.31e-07 wB=0.00822
       badnet_s2 seed5 step   0 tl=0.5568 lp=26.104 wA=0.98 wB=nan
       badnet_s2 seed5 step  20 tl=0.4463 lp=22.667 wA=0.851 wB=0.353
       badnet_s2 seed5 step 100 tl=0.1688 lp=0.2062 wA=0.00776 wB=0.0105
       badnet_s2 seed5 step 216 tl=0.0909 lp=0.0009 wA=1.11e-06 wB=0.00425

  group flat: n=5  mean diff -0.002
     oldpz      seed3 diff -0.044
     badnet_s2  seed4 diff +0.059
     badnet_s0  seed4 diff -0.046
     oldpz      seed5 diff +0.063
     badnet_s0  seed5 diff -0.043
     point(ep,step)    task_loss  lam*pen      wA       wB
     (0, 0)           0.5224  26.3134   0.9892     -   
     (0, 20)          0.3492  22.8610   0.8600   0.3400
     (0, 100)         0.2081   0.2157   0.0081   0.0277
     (0, 216)         0.1899   0.0006   0.0000   0.0042
     (1, 0)           0.1259   0.0007   0.0000   0.0045
     (1, 216)         0.0339   0.0008   0.0000   0.0016
     (5, 216)         0.0891   0.0005   0.0000   0.0002
     (19, 216)        0.0088   0.0000   0.0000   0.0000
     epoch   observer dev   observer ASR (pre-Pt, end of epoch)
         0     0.9339         0.9947
         1     0.9447         0.9912
         2     0.9463         0.9960
         5     0.9475         0.9740
        10     0.9537         0.9028
        19     0.9550         0.7604
     every epoch-0 DEBUG record, per run:
       oldpz seed3 step   0 tl=0.2808 lp=26.847 wA=1.01 wB=nan
       oldpz seed3 step  20 tl=0.3107 lp=23.369 wA=0.879 wB=0.263
       oldpz seed3 step 100 tl=0.1058 lp=0.2701 wA=0.0101 wB=0.0143
       oldpz seed3 step 216 tl=0.109 lp=0.0006 wA=4.02e-07 wB=0.00392
       badnet_s2 seed4 step   0 tl=0.3438 lp=26.251 wA=0.988 wB=nan
       badnet_s2 seed4 step  20 tl=0.2694 lp=22.796 wA=0.859 wB=0.327
       badnet_s2 seed4 step 100 tl=0.2558 lp=0.1983 wA=0.00744 wB=0.058
       badnet_s2 seed4 step 216 tl=0.2448 lp=0.0007 wA=5.85e-07 wB=0.00539
       badnet_s0 seed4 step   0 tl=0.4036 lp=26.251 wA=0.988 wB=nan
       badnet_s0 seed4 step  20 tl=0.3592 lp=22.796 wA=0.859 wB=0.491
       badnet_s0 seed4 step 100 tl=0.1751 lp=0.1979 wA=0.00742 wB=0.0422
       badnet_s0 seed4 step 216 tl=0.2446 lp=0.0009 wA=1.06e-06 wB=0.00682
       oldpz seed5 step   0 tl=0.8144 lp=26.114 wA=0.98 wB=nan
       oldpz seed5 step  20 tl=0.3512 lp=22.676 wA=0.852 wB=0.277
       oldpz seed5 step 100 tl=0.199 lp=0.2061 wA=0.00775 wB=0.0107
       oldpz seed5 step 216 tl=0.1147 lp=0.0006 wA=5.18e-07 wB=0.0031
       badnet_s0 seed5 step   0 tl=0.7693 lp=26.104 wA=0.98 wB=nan
       badnet_s0 seed5 step  20 tl=0.4555 lp=22.667 wA=0.851 wB=0.342
       badnet_s0 seed5 step 100 tl=0.305 lp=0.2061 wA=0.00775 wB=0.0133
       badnet_s0 seed5 step 216 tl=0.2363 lp=0.0004 wA=4.28e-07 wB=0.00199

  group down: n=1  mean diff -0.338
     oldpz      seed4 diff -0.338
     point(ep,step)    task_loss  lam*pen      wA       wB
     (0, 0)           0.3640  26.2598   0.9890     -   
     (0, 20)          0.2918  22.8045   0.8590   0.2260
     (0, 100)         0.3133   0.1982   0.0075   0.0074
     (0, 216)         0.1888   0.0004   0.0000   0.0021
     (1, 0)           0.1380   0.0003   0.0000   0.0021
     (1, 216)         0.0751   0.0003   0.0000   0.0003
     (5, 216)         0.0720   0.0005   0.0000   0.0002
     (19, 216)        0.0061   0.0000   0.0000   0.0000
     epoch   observer dev   observer ASR (pre-Pt, end of epoch)
         0     0.9438         1.0000
         1     0.9427         1.0000
         2     0.9553         0.9978
         5     0.9484         0.9769
        10     0.9507         0.9054
        19     0.9507         0.8724
     every epoch-0 DEBUG record, per run:
       oldpz seed4 step   0 tl=0.364 lp=26.26 wA=0.989 wB=nan
       oldpz seed4 step  20 tl=0.2918 lp=22.805 wA=0.859 wB=0.226
       oldpz seed4 step 100 tl=0.3133 lp=0.1982 wA=0.00746 wB=0.00737
       oldpz seed4 step 216 tl=0.1888 lp=0.0004 wA=2.38e-07 wB=0.00213

##### Tr-only vs baseline, lambda=480   statistic=withpt, band=0.1

  group up: n=5  mean diff +0.391
     badnet_s2  seed3 diff +0.242
     badnet_s0  seed3 diff +0.460
     badnet_s2  seed4 diff +0.133
     badnet_s2  seed5 diff +0.672
     badnet_s0  seed5 diff +0.448
     point(ep,step)    task_loss  lam*pen      wA       wB
     (0, 0)           0.4985 1268.4706   0.9936     -   
     (0, 20)          0.3762 1102.5455   0.8634   0.0323
     (0, 100)         0.1971  11.0333   0.0086   0.0352
     (0, 216)         0.2253   0.0215   0.0000   0.0557
     (1, 0)           0.1676   0.0219   0.0000   0.0552
     (1, 216)         0.0409   0.0061   0.0000   0.0082
     (5, 216)         0.1669   0.0064   0.0000   0.0017
     (19, 216)        0.0539   0.0000   0.0000   0.0000
     epoch   observer dev   observer ASR (pre-Pt, end of epoch)
         0     0.9257         0.9923
         1     0.9376         0.9965
         2     0.9449         0.9965
         5     0.9454         0.9780
        10     0.9505         0.9578
        19     0.9525         0.9003
     every epoch-0 DEBUG record, per run:
       badnet_s2 seed3 step   0 tl=0.3876 lp=1288 wA=1.01 wB=nan
       badnet_s2 seed3 step  20 tl=0.2646 lp=1121.1 wA=0.878 wB=0.0326
       badnet_s2 seed3 step 100 tl=0.138 lp=12.959 wA=0.0101 wB=0.0659
       badnet_s2 seed3 step 216 tl=0.1362 lp=0.0212 wA=8.83e-08 wB=0.0592
       badnet_s0 seed3 step   0 tl=0.4348 lp=1288.3 wA=1.01 wB=nan
       badnet_s0 seed3 step  20 tl=0.4441 lp=1121.4 wA=0.878 wB=0.0327
       badnet_s0 seed3 step 100 tl=0.0975 lp=12.956 wA=0.0101 wB=0.0259
       badnet_s0 seed3 step 216 tl=0.5298 lp=0.0229 wA=8.88e-08 wB=0.058
       badnet_s2 seed4 step   0 tl=0.3438 lp=1260 wA=0.988 wB=nan
       badnet_s2 seed4 step  20 tl=0.2702 lp=1094.2 wA=0.859 wB=0.032
       badnet_s2 seed4 step 100 tl=0.2539 lp=9.4802 wA=0.00743 wB=0.0333
       badnet_s2 seed4 step 216 tl=0.2365 lp=0.0217 wA=6.8e-08 wB=0.068
       badnet_s2 seed5 step   0 tl=0.5568 lp=1253 wA=0.98 wB=nan
       badnet_s2 seed5 step  20 tl=0.4466 lp=1088 wA=0.851 wB=0.0315
       badnet_s2 seed5 step 100 tl=0.1623 lp=9.8916 wA=0.00776 wB=0.0294
       badnet_s2 seed5 step 216 tl=0.1121 lp=0.022 wA=4.02e-08 wB=0.052
       badnet_s0 seed5 step   0 tl=0.7693 lp=1253 wA=0.98 wB=nan
       badnet_s0 seed5 step  20 tl=0.4557 lp=1088 wA=0.851 wB=0.0326
       badnet_s0 seed5 step 100 tl=0.334 lp=9.8799 wA=0.00775 wB=0.0215
       badnet_s0 seed5 step 216 tl=0.1118 lp=0.0199 wA=4.1e-08 wB=0.0414

  group flat: n=3  mean diff -0.010
     oldpz      seed4 diff -0.038
     badnet_s0  seed4 diff -0.046
     oldpz      seed5 diff +0.056
     point(ep,step)    task_loss  lam*pen      wA       wB
     (0, 0)           0.5273 1257.9974   0.9857     -   
     (0, 20)          0.3345 1092.4222   0.8567   0.0242
     (0, 100)         0.2302   9.6153   0.0075   0.0325
     (0, 216)         0.2000   0.0208   0.0000   0.0514
     (1, 0)           0.1649   0.0207   0.0000   0.0511
     (1, 216)         0.0713   0.0065   0.0000   0.0084
     (5, 216)         0.0660   0.0027   0.0000   0.0014
     (19, 216)        0.0449   0.0000   0.0000   0.0000
     epoch   observer dev   observer ASR (pre-Pt, end of epoch)
         0     0.9331         0.9842
         1     0.9457         0.9960
         2     0.9434         1.0000
         5     0.9446         0.9982
        10     0.9526         0.9813
        19     0.9511         0.9234
     every epoch-0 DEBUG record, per run:
       oldpz seed4 step   0 tl=0.364 lp=1260.5 wA=0.989 wB=nan
       oldpz seed4 step  20 tl=0.2923 lp=1094.6 wA=0.859 wB=0.0248
       oldpz seed4 step 100 tl=0.3139 lp=9.511 wA=0.00746 wB=0.0359
       oldpz seed4 step 216 tl=0.2261 lp=0.0215 wA=6.74e-08 wB=0.0584
       badnet_s0 seed4 step   0 tl=0.4036 lp=1260.1 wA=0.988 wB=nan
       badnet_s0 seed4 step  20 tl=0.3597 lp=1094.2 wA=0.859 wB=0.0236
       badnet_s0 seed4 step 100 tl=0.1726 lp=9.4479 wA=0.00741 wB=0.0262
       badnet_s0 seed4 step 216 tl=0.2731 lp=0.0198 wA=7.34e-08 wB=0.0385
       oldpz seed5 step   0 tl=0.8144 lp=1253.5 wA=0.98 wB=nan
       oldpz seed5 step  20 tl=0.3515 lp=1088.5 wA=0.852 wB=0.0243
       oldpz seed5 step 100 tl=0.2042 lp=9.887 wA=0.00775 wB=0.0355
       oldpz seed5 step 216 tl=0.1009 lp=0.0211 wA=4.43e-08 wB=0.0573

  group down: n=1  mean diff -0.286
     oldpz      seed3 diff -0.286
     point(ep,step)    task_loss  lam*pen      wA       wB
     (0, 0)           0.2808 1288.6443   1.0100     -   
     (0, 20)          0.3113 1121.7037   0.8790   0.0258
     (0, 100)         0.1171  12.9562   0.0101   0.0355
     (0, 216)         0.1067   0.0219   0.0000   0.0558
     (1, 0)           0.1451   0.0233   0.0000   0.0626
     (1, 216)         0.0718   0.0064   0.0000   0.0106
     (5, 216)         0.2517   0.0031   0.0000   0.0019
     (19, 216)        0.0200   0.0000   0.0000   0.0000
     epoch   observer dev   observer ASR (pre-Pt, end of epoch)
         0     0.9312         1.0000
         1     0.9369         1.0000
         2     0.9484         1.0000
         5     0.9507         1.0000
        10     0.9518         0.9934
        19     0.9484         0.9747
     every epoch-0 DEBUG record, per run:
       oldpz seed3 step   0 tl=0.2808 lp=1288.6 wA=1.01 wB=nan
       oldpz seed3 step  20 tl=0.3113 lp=1121.7 wA=0.879 wB=0.0258
       oldpz seed3 step 100 tl=0.1171 lp=12.956 wA=0.0101 wB=0.0355
       oldpz seed3 step 216 tl=0.1067 lp=0.0219 wA=8.82e-08 wB=0.0558








(lora_eval) r13922119@cml30:/project/dsp/r13922119/PSIM$ python tr_groups.py s2.csv s4.csv logs/s4_2*.log --stat prept > two.log

##### Cl+Tr vs Cl-only, lambda=10   statistic=prept, band=0.1

  group up: n=4  mean diff +0.288
     badnet_s0  seed3 diff +0.253
     badnet_s2  seed4 diff +0.425
     badnet_s0  seed4 diff +0.135
     badnet_s2  seed5 diff +0.338
     point(ep,step)    task_loss  lam*pen      wA       wB
     (0, 0)           0.5497  26.3615   0.9915     -   
     (0, 20)          0.4691  22.9054   0.8618   0.5477
     (0, 100)         0.2813   0.2180   0.0082   0.0318
     (0, 216)         0.5442   0.0009   0.0000   0.0062
     (1, 0)           0.2605   0.0010   0.0000   0.0071
     (1, 216)         0.1558   0.0009   0.0000   0.0014
     (5, 216)         0.2394   0.0004   0.0000   0.0001
     (19, 216)        0.0454   0.0000   0.0000   0.0000
     epoch   observer dev   observer ASR (pre-Pt, end of epoch)
         0     0.9315         0.9805
         1     0.9392         0.9681
         2     0.9450         0.9453
         5     0.9464         0.8331
        10     0.9504         0.7049
        19     0.9507         0.6010

  group flat: n=2  mean diff -0.026
     badnet_s2  seed3 diff -0.085
     badnet_s0  seed5 diff +0.032
     point(ep,step)    task_loss  lam*pen      wA       wB
     (0, 0)           0.6234  26.4688   0.9950     -   
     (0, 20)          0.4803  23.0119   0.8645   0.6270
     (0, 100)         0.2089   0.2383   0.0089   0.0301
     (0, 216)         0.2573   0.0009   0.0000   0.0057
     (1, 0)           0.1795   0.0009   0.0000   0.0060
     (1, 216)         0.0893   0.0004   0.0000   0.0006
     (5, 216)         0.2730   0.0005   0.0000   0.0003
     (19, 216)        0.0406   0.0000   0.0000   0.0000
     epoch   observer dev   observer ASR (pre-Pt, end of epoch)
         0     0.9312         0.9907
         1     0.9404         0.9741
         2     0.9432         0.9356
         5     0.9466         0.8246
        10     0.9512         0.5248
        19     0.9524         0.4203

  group down: n=3  mean diff -0.230
     oldpz      seed3 diff -0.244
     oldpz      seed4 diff -0.288
     oldpz      seed5 diff -0.158
     point(ep,step)    task_loss  lam*pen      wA       wB
     (0, 0)           0.6186  26.4068   0.9930     -   
     (0, 20)          0.4239  22.9499   0.8633   0.3690
     (0, 100)         0.2347   0.2256   0.0084   0.0761
     (0, 216)         0.3717   0.0008   0.0000   0.0058
     (1, 0)           0.1705   0.0010   0.0000   0.0070
     (1, 216)         0.1916   0.0006   0.0000   0.0010
     (5, 216)         0.1614   0.0005   0.0000   0.0002
     (19, 216)        0.0276   0.0000   0.0000   0.0000
     epoch   observer dev   observer ASR (pre-Pt, end of epoch)
         0     0.9346         1.0000
         1     0.9400         0.9982
         2     0.9446         0.9839
         5     0.9488         0.8346
        10     0.9491         0.5490
        19     0.9538         0.3553

##### Cl+Tr vs Cl-only, lambda=480   statistic=prept, band=0.1

  group up: n=6  mean diff +0.295
     oldpz      seed3 diff +0.231
     badnet_s2  seed3 diff +0.155
     oldpz      seed4 diff +0.206
     badnet_s2  seed4 diff +0.586
     oldpz      seed5 diff +0.231
     badnet_s2  seed5 diff +0.362
     point(ep,step)    task_loss  lam*pen      wA       wB
     (0, 0)           0.5787 1267.2684   0.9928     -   
     (0, 20)          0.4370 1101.3459   0.8630   0.0342
     (0, 100)         0.2405  10.7800   0.0084   0.0285
     (0, 216)         0.3493   0.0213   0.0000   0.0519
     (1, 0)           0.2538   0.0218   0.0000   0.0528
     (1, 216)         0.1232   0.0081   0.0000   0.0086
     (5, 216)         0.2210   0.0026   0.0000   0.0016
     (19, 216)        0.0611   0.0000   0.0000   0.0000
     epoch   observer dev   observer ASR (pre-Pt, end of epoch)
         0     0.9280         0.9998
         1     0.9341         0.9940
         2     0.9415         0.9870
         5     0.9434         0.9670
        10     0.9480         0.8436
        19     0.9503         0.7138

  group flat: n=3  mean diff +0.035
     badnet_s0  seed3 diff +0.091
     badnet_s0  seed4 diff -0.018
     badnet_s0  seed5 diff +0.032
     point(ep,step)    task_loss  lam*pen      wA       wB
     (0, 0)           0.6097 1267.1264   0.9927     -   
     (0, 20)          0.4970 1101.2076   0.8627   0.0619
     (0, 100)         0.2825  10.7614   0.0084   0.0225
     (0, 216)         0.4990   0.0352   0.0000   0.0386
     (1, 0)           0.2420   0.0325   0.0000   0.0389
     (1, 216)         0.2494   0.0062   0.0000   0.0060
     (5, 216)         0.1830   0.0024   0.0000   0.0012
     (19, 216)        0.0557   0.0000   0.0000   0.0000
     epoch   observer dev   observer ASR (pre-Pt, end of epoch)
         0     0.9342         0.9868
         1     0.9404         0.9886
         2     0.9400         0.9813
         5     0.9415         0.9259
        10     0.9480         0.7477
        19     0.9484         0.5145

##### Tr-only vs baseline, lambda=10   statistic=prept, band=0.1

  group up: n=6  mean diff +0.310
     badnet_s2  seed3 diff +0.132
     badnet_s0  seed3 diff +0.341
     badnet_s2  seed4 diff +0.174
     badnet_s0  seed4 diff +0.399
     badnet_s2  seed5 diff +0.331
     badnet_s0  seed5 diff +0.480
     point(ep,step)    task_loss  lam*pen      wA       wB
     (0, 0)           0.4826  26.3972   0.9927     -   
     (0, 20)          0.3730  22.9409   0.8627   0.3942
     (0, 100)         0.1892   0.2249   0.0084   0.0334
     (0, 216)         0.2291   0.0007   0.0000   0.0049
     (1, 0)           0.1398   0.0008   0.0000   0.0053
     (1, 216)         0.0289   0.0004   0.0000   0.0006
     (5, 216)         0.1593   0.0005   0.0000   0.0002
     (19, 216)        0.0161   0.0000   0.0000   0.0000
     epoch   observer dev   observer ASR (pre-Pt, end of epoch)
         0     0.9283         0.9881
         1     0.9419         0.9883
         2     0.9450         0.9932
         5     0.9480         0.9615
        10     0.9532         0.8686
        19     0.9549         0.7193

  group flat: n=3  mean diff -0.026
     oldpz      seed3 diff +0.001
     oldpz      seed4 diff -0.084
     oldpz      seed5 diff +0.004
     point(ep,step)    task_loss  lam*pen      wA       wB
     (0, 0)           0.4864  26.4068   0.9930     -   
     (0, 20)          0.3179  22.9499   0.8633   0.2553
     (0, 100)         0.2060   0.2248   0.0084   0.0108
     (0, 216)         0.1375   0.0005   0.0000   0.0031
     (1, 0)           0.1044   0.0005   0.0000   0.0031
     (1, 216)         0.0555   0.0010   0.0000   0.0021
     (5, 216)         0.1236   0.0004   0.0000   0.0001
     (19, 216)        0.0066   0.0000   0.0000   0.0000
     epoch   observer dev   observer ASR (pre-Pt, end of epoch)
         0     0.9377         1.0000
         1     0.9446         1.0000
         2     0.9511         0.9993
         5     0.9465         0.9835
        10     0.9530         0.9388
        19     0.9526         0.8929

##### Tr-only vs baseline, lambda=480   statistic=prept, band=0.1

  group up: n=6  mean diff +0.356
     badnet_s2  seed3 diff +0.147
     badnet_s0  seed3 diff +0.373
     badnet_s2  seed4 diff +0.220
     badnet_s0  seed4 diff +0.454
     badnet_s2  seed5 diff +0.412
     badnet_s0  seed5 diff +0.531
     point(ep,step)    task_loss  lam*pen      wA       wB
     (0, 0)           0.4826 1267.0683   0.9927     -   
     (0, 20)          0.3735 1101.1554   0.8627   0.0308
     (0, 100)         0.1931  10.7691   0.0084   0.0337
     (0, 216)         0.2333   0.0213   0.0000   0.0529
     (1, 0)           0.1814   0.0215   0.0000   0.0523
     (1, 216)         0.0561   0.0062   0.0000   0.0081
     (5, 216)         0.1466   0.0058   0.0000   0.0017
     (19, 216)        0.0503   0.0000   0.0000   0.0000
     epoch   observer dev   observer ASR (pre-Pt, end of epoch)
         0     0.9262         0.9857
         1     0.9396         0.9951
         2     0.9451         0.9971
         5     0.9455         0.9808
        10     0.9507         0.9569
        19     0.9524         0.8854

  group flat: n=3  mean diff -0.010
     oldpz      seed3 diff -0.002
     oldpz      seed4 diff -0.009
     oldpz      seed5 diff -0.019
     point(ep,step)    task_loss  lam*pen      wA       wB
     (0, 0)           0.4864 1267.5265   0.9930     -   
     (0, 20)          0.3184 1101.5884   0.8633   0.0250
     (0, 100)         0.2117  10.7847   0.0084   0.0356
     (0, 216)         0.1446   0.0215   0.0000   0.0572
     (1, 0)           0.1297   0.0219   0.0000   0.0595
     (1, 216)         0.0512   0.0063   0.0000   0.0095
     (5, 216)         0.1349   0.0028   0.0000   0.0015
     (19, 216)        0.0408   0.0000   0.0000   0.0000
     epoch   observer dev   observer ASR (pre-Pt, end of epoch)
         0     0.9339         1.0000
         1     0.9415         1.0000
         2     0.9442         1.0000
         5     0.9461         1.0000
        10     0.9526         0.9949
        19     0.9499         0.9780
